
> level-up-gamer-react@1.0.0 test:single
> karma start karma.conf.cjs --single-run

Webpack bundling...
asset [1m[32mcommons.js[39m[22m 9.23 MiB [1m[32m[emitted][39m[22m (name: commons) (id hint: commons)
asset [1m[32mruntime.js[39m[22m 20.3 KiB [1m[32m[emitted][39m[22m (name: runtime)
asset [1m[32mProductCard.spec.2324534458.js[39m[22m 498 bytes [1m[32m[emitted][39m[22m (name: ProductCard.spec.2324534458)
asset [1m[32mCartContext.spec.1361252851.js[39m[22m 495 bytes [1m[32m[emitted][39m[22m (name: CartContext.spec.1361252851)
asset [1m[32mHeader.spec.81106978.js[39m[22m 486 bytes [1m[32m[emitted][39m[22m (name: Header.spec.81106978)
asset [1m[32mCart.spec.2029913806.js[39m[22m 479 bytes [1m[32m[emitted][39m[22m (name: Cart.spec.2029913806)
asset [1m[32mtest-helpers.2848621836.js[39m[22m 478 bytes [1m[32m[emitted][39m[22m (name: test-helpers.2848621836)
Entrypoint [1mtest-helpers.2848621836[39m[22m 9.25 MiB = [1m[32mruntime.js[39m[22m 20.3 KiB [1m[32mcommons.js[39m[22m 9.23 MiB [1m[32mtest-helpers.2848621836.js[39m[22m 478 bytes
Entrypoint [1mHeader.spec.81106978[39m[22m 9.25 MiB = [1m[32mruntime.js[39m[22m 20.3 KiB [1m[32mcommons.js[39m[22m 9.23 MiB [1m[32mHeader.spec.81106978.js[39m[22m 486 bytes
Entrypoint [1mProductCard.spec.2324534458[39m[22m 9.25 MiB = [1m[32mruntime.js[39m[22m 20.3 KiB [1m[32mcommons.js[39m[22m 9.23 MiB [1m[32mProductCard.spec.2324534458.js[39m[22m 498 bytes
Entrypoint [1mCartContext.spec.1361252851[39m[22m 9.25 MiB = [1m[32mruntime.js[39m[22m 20.3 KiB [1m[32mcommons.js[39m[22m 9.23 MiB [1m[32mCartContext.spec.1361252851.js[39m[22m 495 bytes
Entrypoint [1mCart.spec.2029913806[39m[22m 9.25 MiB = [1m[32mruntime.js[39m[22m 20.3 KiB [1m[32mcommons.js[39m[22m 9.23 MiB [1m[32mCart.spec.2029913806.js[39m[22m 479 bytes
webpack 5.102.1 compiled [1m[32msuccessfully[39m[22m in 1671 ms
[32m20 10 2025 21:08:07.535:INFO [karma-server]: [39mKarma v6.4.4 server started at http://localhost:9876/
[32m20 10 2025 21:08:07.536:INFO [launcher]: [39mLaunching browsers ChromeHeadless with concurrency unlimited
[32m20 10 2025 21:08:07.544:INFO [launcher]: [39mStarting browser ChromeHeadless
[32m20 10 2025 21:08:08.659:INFO [Chrome Headless 141.0.0.0 (Windows 10)]: [39mConnected on socket inFYszzK6DrHIn2NAAAB with id 11813587
Chrome Headless 141.0.0.0 (Windows 10): Executed 0 of 32[32m SUCCESS[39m (0 secs / 0 secs)
[1A[2KWARN: [36m'ÔÜá´©Å React Router Future Flag Warning: React Router will begin wrapping state updates in `React.startTransition` in v7. You can use the `v7_startTransition` future flag to opt-in early. For more information, see https://reactrouter.com/v6/upgrading/future#v7_starttransition.'[39m
Chrome Headless 141.0.0.0 (Windows 10): Executed 0 of 32[32m SUCCESS[39m (0 secs / 0 secs)
[1A[2KWARN: [36m'ÔÜá´©Å React Router Future Flag Warning: Relative route resolution within Splat routes is changing in v7. You can use the `v7_relativeSplatPath` future flag to opt-in early. For more information, see https://reactrouter.com/v6/upgrading/future#v7_relativesplatpath.'[39m
Chrome Headless 141.0.0.0 (Windows 10): Executed 0 of 32[32m SUCCESS[39m (0 secs / 0 secs)
[1A[2KChrome Headless 141.0.0.0 (Windows 10): Executed 1 of 32[32m SUCCESS[39m (0 secs / 0.011 secs)
[1A[2KChrome Headless 141.0.0.0 (Windows 10): Executed 2 of 32[32m SUCCESS[39m (0 secs / 0.013 secs)
[1A[2KChrome Headless 141.0.0.0 (Windows 10): Executed 3 of 32[32m SUCCESS[39m (0 secs / 0.014 secs)
[1A[2KChrome Headless 141.0.0.0 (Windows 10): Executed 4 of 32[32m SUCCESS[39m (0 secs / 0.015 secs)
[1A[2KChrome Headless 141.0.0.0 (Windows 10): Executed 5 of 32[32m SUCCESS[39m (0 secs / 0.017 secs)
[1A[2KChrome Headless 141.0.0.0 (Windows 10): Executed 6 of 32[32m SUCCESS[39m (0 secs / 0.024 secs)
[1A[2KChrome Headless 141.0.0.0 (Windows 10): Executed 7 of 32[32m SUCCESS[39m (0 secs / 0.025 secs)
[1A[2KChrome Headless 141.0.0.0 (Windows 10): Executed 8 of 32[32m SUCCESS[39m (0 secs / 0.031 secs)
[33m20 10 2025 21:08:08.811:WARN [web-server]: [39m404: /img/Level-up_gamer.png
[1A[2KChrome Headless 141.0.0.0 (Windows 10): Executed 9 of 32[32m SUCCESS[39m (0 secs / 0.036 secs)
[1A[2KChrome Headless 141.0.0.0 (Windows 10): Executed 10 of 32[32m SUCCESS[39m (0 secs / 0.039 secs)
[33m20 10 2025 21:08:08.820:WARN [web-server]: [39m404: /img/Level-up_gamer.png
[1A[2KChrome Headless 141.0.0.0 (Windows 10): Executed 11 of 32[32m SUCCESS[39m (0 secs / 0.042 secs)
[1A[2KChrome Headless 141.0.0.0 (Windows 10): Executed 12 of 32[32m SUCCESS[39m (0 secs / 0.044 secs)
[33m20 10 2025 21:08:08.827:WARN [web-server]: [39m404: /img/Level-up_gamer.png
[1A[2KChrome Headless 141.0.0.0 (Windows 10): Executed 13 of 32[32m SUCCESS[39m (0 secs / 0.047 secs)
[1A[2KChrome Headless 141.0.0.0 (Windows 10): Executed 14 of 32[32m SUCCESS[39m (0 secs / 0.049 secs)
[33m20 10 2025 21:08:08.832:WARN [web-server]: [39m404: /img/Level-up_gamer.png
[1A[2KChrome Headless 141.0.0.0 (Windows 10): Executed 15 of 32[32m SUCCESS[39m (0 secs / 0.053 secs)
[33m20 10 2025 21:08:08.836:WARN [web-server]: [39m404: /img/ps5.jpg
[1A[2KChrome Headless 141.0.0.0 (Windows 10): Executed 16 of 32[32m SUCCESS[39m (0 secs / 0.054 secs)
[1A[2KChrome Headless 141.0.0.0 (Windows 10): Executed 17 of 32[32m SUCCESS[39m (0 secs / 0.055 secs)
[33m20 10 2025 21:08:08.840:WARN [web-server]: [39m404: /img/ps5.jpg
[1A[2KChrome Headless 141.0.0.0 (Windows 10): Executed 18 of 32[32m SUCCESS[39m (0 secs / 0.056 secs)
[1A[2KChrome Headless 141.0.0.0 (Windows 10): Executed 19 of 32[32m SUCCESS[39m (0 secs / 0.057 secs)
[33m20 10 2025 21:08:08.842:WARN [web-server]: [39m404: /img/ps5.jpg
[1A[2KChrome Headless 141.0.0.0 (Windows 10): Executed 20 of 32[32m SUCCESS[39m (0 secs / 0.059 secs)
[1A[2KChrome Headless 141.0.0.0 (Windows 10): Executed 21 of 32[32m SUCCESS[39m (0 secs / 0.061 secs)
[33m20 10 2025 21:08:08.846:WARN [web-server]: [39m404: /img/ps5.jpg
[1A[2KChrome Headless 141.0.0.0 (Windows 10): Executed 22 of 32[32m SUCCESS[39m (0 secs / 0.063 secs)
[1A[2KChrome Headless 141.0.0.0 (Windows 10): Executed 23 of 32[32m SUCCESS[39m (0 secs / 0.064 secs)
[1A[2KChrome Headless 141.0.0.0 (Windows 10): Executed 24 of 32[32m SUCCESS[39m (0 secs / 0.064 secs)
[1A[2KChrome Headless 141.0.0.0 (Windows 10): Executed 25 of 32[32m SUCCESS[39m (0 secs / 0.065 secs)
[1A[2KChrome Headless 141.0.0.0 (Windows 10): Executed 26 of 32[32m SUCCESS[39m (0 secs / 0.065 secs)
[1A[2KChrome Headless 141.0.0.0 (Windows 10): Executed 27 of 32[32m SUCCESS[39m (0 secs / 0.065 secs)
[1A[2KChrome Headless 141.0.0.0 (Windows 10): Executed 28 of 32[32m SUCCESS[39m (0 secs / 0.065 secs)
[1A[2KChrome Headless 141.0.0.0 (Windows 10): Executed 29 of 32[32m SUCCESS[39m (0 secs / 0.065 secs)
[1A[2KChrome Headless 141.0.0.0 (Windows 10): Executed 30 of 32[32m SUCCESS[39m (0 secs / 0.065 secs)
[1A[2KChrome Headless 141.0.0.0 (Windows 10): Executed 31 of 32[32m SUCCESS[39m (0 secs / 0.065 secs)
[1A[2KChrome Headless 141.0.0.0 (Windows 10): Executed 32 of 32[32m SUCCESS[39m (0 secs / 0.065 secs)
[1A[2KChrome Headless 141.0.0.0 (Windows 10): Executed 32 of 32[32m SUCCESS[39m (0.065 secs / 0.065 secs)
[32mTOTAL: 32 SUCCESS[39m
